Microchip MPLAB XC8 Compiler V1.41 ()

Linker command line:

-W-3 --edf=C:\Program Files (x86)\Microchip\xc8\v1.41\dat\en_msgs.txt -cs \
  -h+dist/default/production\pulse_Sensor.X.production.sym \
  --cmf=dist/default/production\pulse_Sensor.X.production.cmf -z -Q16F877A \
  -oC:\Users\ACER\AppData\Local\Temp\slj0.2 \
  -Mdist/default/production/pulse_Sensor.X.production.map -E1 -ver=XC8 \
  -ASTACK=0110h-016fh -pstack=STACK -ACODE=00h-07FFhx4 -ASTRCODE=00h-01FFFh \
  -ASTRING=00h-0FFhx32 -ACONST=00h-0FFhx32 -AENTRY=00h-0FFhx32 \
  -ACOMMON=070h-07Fh -ABANK0=020h-06Fh -ABANK1=0A0h-0EFh \
  -ABANK2=0110h-016Fh -ABANK3=0190h-01EFh \
  -ARAM=020h-06Fh,0A0h-0EFh,0110h-016Fh,0190h-01EFh \
  -AABS1=020h-07Fh,0A0h-0EFh,0110h-016Fh,0190h-01EFh -ASFR0=00h-01Fh \
  -ASFR1=080h-09Fh -ASFR2=0100h-010Fh -ASFR3=0180h-018Fh \
  -preset_vec=00h,intentry=04h,init,end_init -ppowerup=CODE -pcinit=CODE \
  -pfunctab=CODE -ACONFIG=02007h-02007h -pconfig=CONFIG -DCONFIG=2 \
  -AIDLOC=02000h-02003h -pidloc=IDLOC -DIDLOC=2 -AEEDATA=00h-0FFh/02100h \
  -peeprom_data=EEDATA -DEEDATA=2 -DCODE=2 -DSTRCODE=2 -DSTRING=2 -DCONST=2 \
  -DENTRY=2 -k C:\Users\ACER\AppData\Local\Temp\slj0.obj \
  dist/default/production\pulse_Sensor.X.production.obj 

Object code version is 3.11

Machine type is 16F877A



                Name                               Link     Load   Length Selector   Space Scale
C:\Users\ACER\AppData\Local\Temp\slj0.obj
                end_init                             12       12        3        8       0
                reset_vec                             0        0        3        0       0
                config                             2007     2007        1     400E       0
dist/default/production\pulse_Sensor.X.production.obj
                cinit                                15       15       31        8       0
                intentry                              4        4        E        8       0
                text24                              DF2      DF2        7     1BE4       0
                text23                              E7A      E7A       22     1CF4       0
                text22                              E50      E50       15     1CA0       0
                text21                              7F3      7F3        D        8       0
                text20                              EE5      EE5       2B     1DCA       0
                text19                              6D2      6D2       64        8       0
                text18                              5D3      5D3       8F        8       0
                text17                              798      798       5B        8       0
                text16                              F77      F77       3E     1EEE       0
                text15                              E9C      E9C       23     1D38       0
                text14                               46       46      287        8       0
                text13                              F43      F43       34     1E86       0
                text12                              E65      E65       15     1CCA       0
                text11                              FB5      FB5       4B     1F6A       0
                text10                              E10      E10        A     1C20       0
                text9                               736      736       62        8       0
                text8                               F10      F10       33     1E20       0
                text7                               E00      E00        8     1C00       0
                text6                               E2B      E2B       12     1C56       0
                text5                               DEC      DEC        2     1BD8       0
                text4                               E3D      E3D       13     1C7A       0
                text3                               544      544       8F        8       0
                text2                               EBF      EBF       26     1D7E       0
                text1                               662      662       70        8       0
                maintext                            2CD      2CD      277        8       0
                cstackBANK0                          20       20       40       20       1
                cstackCOMMON                         70       70        6       70       1
                clrtext                             E08      E08        8     1C10       0
                inittext                            E1A      E1A       11     1C34       0
                dataBANK1                            E8       E8        4       A0       1
                bssBANK1                             A0       A0       48       A0       1
                dataBANK0                            69       69        7       20       1
                bssBANK0                             60       60        9       20       1
                bssCOMMON                            76       76        3       70       1
                bitbssCOMMON                        3C8       79        1       70       1     8
                strings                             800      800       49     1000       0
                idataBANK1                          DEE      DEE        4     1BDC       0
                idataBANK0                          DF9      DF9        7     1BF2       0

TOTAL           Name                               Link     Load   Length     Space
        CLASS   STACK          

        CLASS   CODE           
                end_init                             12       12        3         0
                cinit                                15       15       31         0
                intentry                              4        4        E         0
                reset_vec                             0        0        3         0
                text24                              DF2      DF2        7         0
                text23                              E7A      E7A       22         0
                text22                              E50      E50       15         0
                text21                              7F3      7F3        D         0
                text20                              EE5      EE5       2B         0
                text19                              6D2      6D2       64         0
                text18                              5D3      5D3       8F         0
                text17                              798      798       5B         0
                text16                              F77      F77       3E         0
                text15                              E9C      E9C       23         0
                text14                               46       46      287         0
                text13                              F43      F43       34         0
                text12                              E65      E65       15         0
                text11                              FB5      FB5       4B         0
                text10                              E10      E10        A         0
                text9                               736      736       62         0
                text8                               F10      F10       33         0
                text7                               E00      E00        8         0
                text6                               E2B      E2B       12         0
                text5                               DEC      DEC        2         0
                text4                               E3D      E3D       13         0
                text3                               544      544       8F         0
                text2                               EBF      EBF       26         0
                text1                               662      662       70         0
                maintext                            2CD      2CD      277         0
                clrtext                             E08      E08        8         0
                inittext                            E1A      E1A       11         0
                idataBANK1                          DEE      DEE        4         0
                idataBANK0                          DF9      DF9        7         0

        CLASS   STRCODE        

        CLASS   STRING         
                strings                             800      800       49         0

        CLASS   CONST          

        CLASS   ENTRY          

        CLASS   COMMON         
                cstackCOMMON                         70       70        6         1
                bssCOMMON                            76       76        3         1
                bitbssCOMMON                        3C8       79        1         1

        CLASS   BANK0          
                cstackBANK0                          20       20       40         1
                dataBANK0                            69       69        7         1
                bssBANK0                             60       60        9         1

        CLASS   BANK1          
                dataBANK1                            E8       E8        4         1
                bssBANK1                             A0       A0       48         1

        CLASS   BANK2          

        CLASS   BANK3          

        CLASS   RAM            

        CLASS   ABS1           
                abs_s1                               7E       7E        2         1

        CLASS   SFR0           

        CLASS   SFR1           

        CLASS   SFR2           

        CLASS   SFR3           

        CLASS   CONFIG         
                config                             2007     2007        1         0

        CLASS   IDLOC          

        CLASS   EEDATA         



SEGMENTS        Name                           Load    Length   Top    Selector   Space  Class     Delta

                reset_vec                      000000  000003  000003         0       0  CODE        2
                intentry                       000004  0007FC  000800         8       0  CODE        2
                cstackBANK0                    000020  000050  000070        20       1  BANK0       1
                cstackCOMMON                   000070  00000A  00007A        70       1  COMMON      1
                bssBANK1                       0000A0  00004C  0000EC        A0       1  BANK1       1
                strings                        000800  000049  000849      1000       0  STRING      2
                text5                          000DEC  000002  000DEE      1BD8       0  CODE        2
                idataBANK1                     000DEE  000004  000DF2      1BDC       0  CODE        2
                text24                         000DF2  000007  000DF9      1BE4       0  CODE        2
                idataBANK0                     000DF9  000007  000E00      1BF2       0  CODE        2
                text7                          000E00  000008  000E08      1C00       0  CODE        2
                clrtext                        000E08  000008  000E10      1C10       0  CODE        2
                text10                         000E10  00000A  000E1A      1C20       0  CODE        2
                inittext                       000E1A  000011  000E2B      1C34       0  CODE        2
                text6                          000E2B  000012  000E3D      1C56       0  CODE        2
                text4                          000E3D  000013  000E50      1C7A       0  CODE        2
                text22                         000E50  000015  000E65      1CA0       0  CODE        2
                text12                         000E65  000015  000E7A      1CCA       0  CODE        2
                text23                         000E7A  000022  000E9C      1CF4       0  CODE        2
                text15                         000E9C  000023  000EBF      1D38       0  CODE        2
                text2                          000EBF  000026  000EE5      1D7E       0  CODE        2
                text20                         000EE5  00002B  000F10      1DCA       0  CODE        2
                text8                          000F10  000033  000F43      1E20       0  CODE        2
                text13                         000F43  000034  000F77      1E86       0  CODE        2
                text16                         000F77  00003E  000FB5      1EEE       0  CODE        2
                text11                         000FB5  00004B  001000      1F6A       0  CODE        2
                config                         002007  000001  002008      400E       0  CONFIG      2


UNUSED ADDRESS RANGES

        Name                Unused          Largest block    Delta
        BANK1            00EC-00EF              4           1
        BANK2            0110-016F             60           1
        BANK3            0190-01EF             60           1
        CODE             0003-0003              1           2
                         0849-0DEB            5A3
                         1000-1FFF            800
        COMMON           007A-007D              4           1
        CONST            0003-0003              1           2
                         0849-0DEB            100
                         1000-1FFF            100
        EEDATA           2100-21FF            100           2
        ENTRY            0003-0003              1           2
                         0849-0DEB            100
                         1000-1FFF            100
        IDLOC            2000-2003              4           2
        RAM              00EC-00EF              4           1
                         0110-016F             60
                         0190-01EF             60
        SFR0             0000-001F             20           1
        SFR1             0080-009F             20           1
        SFR2             0100-010F             10           1
        SFR3             0180-018F             10           1
        STACK            0110-016F             60           1
        STRCODE          0003-0003              1           2
                         0849-0DEB            5A3
                         1000-1FFF           1000
        STRING           0003-0003              1           2
                         0849-0DEB            100
                         1000-1FFF            100

                                  Symbol Table

?_ADC_Read                           cstackBANK0  0020
?___aldiv                            cstackBANK0  0020
?___awdiv                            cstackBANK0  0020
?___lwdiv                            cstackBANK0  0020
?___lwmod                            cstackBANK0  0020
?___wmul                             cstackBANK0  0028
ADC_Read@adcChannel                  cstackBANK0  0020
TMR0_ISR@CountCallBack               bssBANK1     00E0
_ADCON0                              (abs)        001F
_ADCON1                              (abs)        009F
_ADC_Init                            text7        0E00
_ADC_Read                            text20       0EE5
_ADRESH                              (abs)        001E
_ADRESL                              (abs)        009E
_BPM                                 bssBANK0     0066
_GO                                  (abs)        00FA
_GO_DONE                             (abs)        00FA
_IBI                                 dataBANK0    0069
_INTCONbits                          (abs)        000B
_INTERRUPT_InterruptManager          text22       0E50
_OPTION_REGbits                      (abs)        0081
_P                                   dataBANK1    00EA
_PIR1bits                            (abs)        000C
_PORTB                               (abs)        0006
_PORTBbits                           (abs)        0006
_PORTCbits                           (abs)        0007
_Pulse                               bssBANK0     0068
_QS                                  bssCOMMON    0077
_RB3                                 (abs)        0033
_RCREG                               (abs)        001A
_RCSTA                               (abs)        0018
_RCSTAbits                           (abs)        0018
_SPBRG                               (abs)        0099
_Signal                              bssBANK0     0064
_T                                   dataBANK0    006D
_TMR0                                (abs)        0001
_TMR0_ISR                            text23       0E7A
_TMR0_Initialize                     text6        0E2B
_TMR0_StartTimer                     text5        0DEC
_TRISB                               (abs)        0086
_TRISBbits                           (abs)        0086
_TRISC                               (abs)        0087
_TRISCbits                           (abs)        0087
_TXREG                               (abs)        0019
_TXSTA                               (abs)        0098
__CFG_BOREN$ON                       (abs)        0000
__CFG_CP$OFF                         (abs)        0000
__CFG_CPD$OFF                        (abs)        0000
__CFG_FOSC$HS                        (abs)        0000
__CFG_LVP$OFF                        (abs)        0000
__CFG_PWRTE$OFF                      (abs)        0000
__CFG_WDTE$OFF                       (abs)        0000
__CFG_WRT$OFF                        (abs)        0000
__Habs1                              abs1         0000
__Hbank0                             bank0        0000
__Hbank1                             bank1        0000
__Hbank2                             bank2        0000
__Hbank3                             bank3        0000
__HbitbssCOMMON                      bitbssCOMMON 0000
__HbssBANK0                          bssBANK0     0000
__HbssBANK1                          bssBANK1     0000
__HbssCOMMON                         bssCOMMON    0000
__Hcinit                             cinit        0046
__Hclrtext                           clrtext      0000
__Hcode                              code         0000
__Hcommon                            common       0000
__Hconfig                            config       2008
__HcstackBANK0                       cstackBANK0  0000
__HcstackCOMMON                      cstackCOMMON 0000
__HdataBANK0                         dataBANK0    0000
__HdataBANK1                         dataBANK1    0000
__Heeprom_data                       eeprom_data  0000
__Hend_init                          end_init     0015
__Hfunctab                           functab      0000
__HidataBANK0                        idataBANK0   0000
__HidataBANK1                        idataBANK1   0000
__Hidloc                             idloc        0000
__Hinit                              init         0012
__Hinittext                          inittext     0000
__Hintentry                          intentry     0012
__Hmaintext                          maintext     0000
__Hpowerup                           powerup      0000
__Hram                               ram          0000
__Hreset_vec                         reset_vec    0003
__Hsfr0                              sfr0         0000
__Hsfr1                              sfr1         0000
__Hsfr2                              sfr2         0000
__Hsfr3                              sfr3         0000
__Hspace_0                           (abs)        2008
__Hspace_1                           (abs)        03C9
__Hspace_2                           (abs)        0000
__Hspace_3                           (abs)        0000
__Hstack                             stack        0000
__Hstrings                           strings      0000
__Htext                              text         0000
__Labs1                              abs1         0000
__Lbank0                             bank0        0000
__Lbank1                             bank1        0000
__Lbank2                             bank2        0000
__Lbank3                             bank3        0000
__LbitbssCOMMON                      bitbssCOMMON 0000
__LbssBANK0                          bssBANK0     0000
__LbssBANK1                          bssBANK1     0000
__LbssCOMMON                         bssCOMMON    0000
__Lcinit                             cinit        0015
__Lclrtext                           clrtext      0000
__Lcode                              code         0000
__Lcommon                            common       0000
__Lconfig                            config       2007
__LcstackBANK0                       cstackBANK0  0000
__LcstackCOMMON                      cstackCOMMON 0000
__LdataBANK0                         dataBANK0    0000
__LdataBANK1                         dataBANK1    0000
__Leeprom_data                       eeprom_data  0000
__Lend_init                          end_init     0012
__Lfunctab                           functab      0000
__LidataBANK0                        idataBANK0   0000
__LidataBANK1                        idataBANK1   0000
__Lidloc                             idloc        0000
__Linit                              init         0012
__Linittext                          inittext     0000
__Lintentry                          intentry     0004
__Lmaintext                          maintext     0000
__Lpowerup                           powerup      0000
__Lram                               ram          0000
__Lreset_vec                         reset_vec    0000
__Lsfr0                              sfr0         0000
__Lsfr1                              sfr1         0000
__Lsfr2                              sfr2         0000
__Lsfr3                              sfr3         0000
__Lspace_0                           (abs)        0000
__Lspace_1                           (abs)        0000
__Lspace_2                           (abs)        0000
__Lspace_3                           (abs)        0000
__Lstack                             stack        0000
__Lstrings                           strings      0000
__Ltext                              text         0000
__S0                                 (abs)        2008
__S1                                 (abs)        00EC
__S2                                 (abs)        0000
__S3                                 (abs)        0000
___aldiv                             text18       05D3
___aldiv@counter                     cstackBANK0  0028
___aldiv@dividend                    cstackBANK0  0024
___aldiv@divisor                     cstackBANK0  0020
___aldiv@quotient                    cstackBANK0  002A
___aldiv@sign                        cstackBANK0  0029
___awdiv                             text17       0798
___awdiv@counter                     cstackBANK0  0024
___awdiv@dividend                    cstackBANK0  0022
___awdiv@divisor                     cstackBANK0  0020
___awdiv@quotient                    cstackBANK0  0026
___awdiv@sign                        cstackBANK0  0025
___int_sp                            stack        0000
___latbits                           (abs)        0002
___lwdiv                             text16       0F77
___lwdiv@counter                     cstackBANK0  0024
___lwdiv@dividend                    cstackBANK0  0022
___lwdiv@divisor                     cstackBANK0  0020
___lwdiv@quotient                    cstackBANK0  0025
___lwmod                             text13       0F43
___lwmod@counter                     cstackCOMMON 0075
___lwmod@dividend                    cstackBANK0  0022
___lwmod@divisor                     cstackBANK0  0020
___sp                                stack        0000
___wmul                              text15       0E9C
___wmul@multiplicand                 cstackBANK0  002A
___wmul@multiplier                   cstackBANK0  0028
___wmul@product                      cstackBANK0  002C
__end_of_ADC_Init                    text7        0E08
__end_of_ADC_Read                    text20       0F10
__end_of_INTERRUPT_InterruptManager  text22       0E65
__end_of_TMR0_ISR                    text23       0E9C
__end_of_TMR0_Initialize             text6        0E3D
__end_of_TMR0_StartTimer             text5        0DEE
__end_of___aldiv                     text18       0662
__end_of___awdiv                     text17       07F3
__end_of___lwdiv                     text16       0FB5
__end_of___lwmod                     text13       0F77
__end_of___wmul                      text15       0EBF
__end_of__initialization             cinit        0042
__end_of__stringtab                  strings      0806
__end_of_buzzer_control              text19       0736
__end_of_calculate_heart_beat        text14       02CD
__end_of_delay                       text12       0E7A
__end_of_delay_adc                   text21       0800
__end_of_lcd_com                     text11       1000
__end_of_lcd_data                    text10       0E1A
__end_of_lcd_init                    text3        05D3
__end_of_lcd_init_write              text4        0E50
__end_of_lcd_print_number            text9        0798
__end_of_lcd_puts                    text2        0EE5
__end_of_main                        maintext     0544
__end_of_rgb_led_control             text8        0F43
__end_of_system_init                 text1        06D2
__end_of_timer_isr                   text24       0DF9
__end_of_tmr0_mask                   strings      0807
__initialization                     cinit        0015
__pbitbssCOMMON                      bitbssCOMMON 03C8
__pbssBANK0                          bssBANK0     0060
__pbssBANK1                          bssBANK1     00A0
__pbssCOMMON                         bssCOMMON    0076
__pcstackBANK0                       cstackBANK0  0020
__pcstackCOMMON                      cstackCOMMON 0070
__pdataBANK0                         dataBANK0    0069
__pdataBANK1                         dataBANK1    00E8
__pidataBANK0                        idataBANK0   0DF9
__pidataBANK1                        idataBANK1   0DEE
__pintentry                          intentry     0004
__pmaintext                          maintext     02CD
__pstrings                           strings      0800
__ptext1                             text1        0662
__ptext10                            text10       0E10
__ptext11                            text11       0FB5
__ptext12                            text12       0E65
__ptext13                            text13       0F43
__ptext14                            text14       0046
__ptext15                            text15       0E9C
__ptext16                            text16       0F77
__ptext17                            text17       0798
__ptext18                            text18       05D3
__ptext19                            text19       06D2
__ptext2                             text2        0EBF
__ptext20                            text20       0EE5
__ptext21                            text21       07F3
__ptext22                            text22       0E50
__ptext23                            text23       0E7A
__ptext24                            text24       0DF2
__ptext3                             text3        0544
__ptext4                             text4        0E3D
__ptext5                             text5        0DEC
__ptext6                             text6        0E2B
__ptext7                             text7        0E00
__ptext8                             text8        0F10
__ptext9                             text9        0736
__size_of_ADC_Init                   (abs)        0000
__size_of_ADC_Read                   (abs)        0000
__size_of_INTERRUPT_InterruptManager (abs)        0000
__size_of_TMR0_ISR                   (abs)        0000
__size_of_TMR0_Initialize            (abs)        0000
__size_of_TMR0_StartTimer            (abs)        0000
__size_of___aldiv                    (abs)        0000
__size_of___awdiv                    (abs)        0000
__size_of___lwdiv                    (abs)        0000
__size_of___lwmod                    (abs)        0000
__size_of___wmul                     (abs)        0000
__size_of_buzzer_control             (abs)        0000
__size_of_calculate_heart_beat       (abs)        0000
__size_of_delay                      (abs)        0000
__size_of_delay_adc                  (abs)        0000
__size_of_lcd_com                    (abs)        0000
__size_of_lcd_data                   (abs)        0000
__size_of_lcd_init                   (abs)        0000
__size_of_lcd_init_write             (abs)        0000
__size_of_lcd_print_number           (abs)        0000
__size_of_lcd_puts                   (abs)        0000
__size_of_main                       (abs)        0000
__size_of_rgb_led_control            (abs)        0000
__size_of_system_init                (abs)        0000
__size_of_timer_isr                  (abs)        0000
__stringbase                         strings      0805
__stringtab                          strings      0800
_adc_value                           bssBANK1     00E4
_amp                                 bssBANK1     00E6
_buzzer_control                      text19       06D2
_c                                   bssCOMMON    0076
_calculate_heart_beat                text14       0046
_delay                               text12       0E65
_delay_adc                           text21       07F3
_firstBeat                           dataBANK0    006F
_lastBeatTime                        bssBANK1     00DC
_lcd_com                             text11       0FB5
_lcd_data                            text10       0E10
_lcd_init                            text3        0544
_lcd_init_write                      text4        0E3D
_lcd_print_number                    text9        0736
_lcd_puts                            text2        0EBF
_main                                maintext     02CD
_main_state                          dataBANK1    00E8
_num                                 bssBANK1     00A0
_rate                                bssBANK1     00B4
_rgb_led_control                     text8        0F10
_sampleCounter                       bssBANK0     0060
_secondBeat                          bssCOMMON    0078
_status                              bitbssCOMMON 03C8
_system_init                         text1        0662
_thresh                              dataBANK0    006B
_timer_isr                           text24       0DF2
_tmr0_mask                           strings      0806
btemp                                (abs)        007E
buzzer_control@i                     cstackBANK0  0021
buzzer_control@i_192                 cstackBANK0  0023
buzzer_control@is_high               cstackBANK0  0020
calculate_heart_beat@N               cstackBANK0  0038
calculate_heart_beat@adc_value       cstackBANK0  002E
calculate_heart_beat@i               cstackBANK0  0036
calculate_heart_beat@i_188           cstackBANK0  003A
calculate_heart_beat@runningTotal    cstackBANK0  0034
clear_ram0                           clrtext      0E08
delay@i                              cstackBANK0  0020
delay@j                              cstackCOMMON 0074
delay_adc@cnt                        cstackCOMMON 0074
end_of_initialization                cinit        0042
init_fetch0                          inittext     0E1A
init_ram0                            inittext     0E1E
interrupt_function                   intentry     0004
intlevel0                            functab      0000
intlevel1                            functab      0000
intlevel2                            functab      0000
intlevel3                            functab      0000
intlevel4                            functab      0000
intlevel5                            functab      0000
lcd_com@a                            cstackBANK0  0024
lcd_com@temp                         cstackBANK0  0025
lcd_data@a                           cstackBANK0  0026
lcd_init_write@a                     cstackBANK0  0022
lcd_print_number@i                   cstackBANK0  0027
lcd_print_number@k                   cstackBANK0  002B
lcd_print_number@p                   cstackBANK0  002D
lcd_puts@i                           cstackBANK0  0027
lcd_puts@str                         cstackBANK0  0029
main@F1473                           bssBANK1     00D2
main@F1475                           bssBANK1     00C8
main@avg_bpm                         cstackBANK0  005E
main@avg_ibi                         cstackBANK0  0040
main@bpm_readings                    cstackBANK0  0042
main@i                               cstackBANK0  005C
main@ibi_readings                    cstackBANK0  004C
main@reading_count                   cstackBANK0  005A
main@total_bpm                       cstackBANK0  0056
main@total_ibi                       cstackBANK0  0058
reset_vec                            reset_vec    0000
rgb_led_control@bpm                  cstackCOMMON 0074
saved_w                              (abs)        007E
stackhi                              (abs)        0000
stacklo                              (abs)        0000
start                                init         0012
start_initialization                 cinit        0015
wtemp0                               (abs)        007E


FUNCTION INFORMATION:

 *************** function _main *****************
 Defined at:
		line 175 in file "main.c"
 Parameters:    Size  Location     Type
		None
 Auto vars:     Size  Location     Type
  i               2   60[BANK0 ] int 
  avg_bpm         2   62[BANK0 ] int 
  total_ibi       2   56[BANK0 ] int 
  total_bpm       2   54[BANK0 ] int 
  avg_ibi         2   32[BANK0 ] int 
  ibi_readings   10   44[BANK0 ] int [5]
  bpm_readings   10   34[BANK0 ] int [5]
  reading_coun    2   58[BANK0 ] int 
 Return value:  Size  Location     Type
                  1    wreg      void 
 Registers used:
		wreg, fsr0l, fsr0h, status,2, status,0, btemp+1, pclath, cstack
 Tracked objects:
		On entry : 
		On exit  : 
		Unchanged: 
 Data sizes:     COMMON   BANK0   BANK1   BANK3   BANK2
      Params:         0       0       0       0       0
      Locals:         0      32       0       0       0
      Temps:          0       4       0       0       0
      Totals:         0      36       0       0       0
Total ram usage:       36 bytes
 Hardware stack levels required when called:    8
 This function calls:
		_ADC_Read
		___awdiv
		_buzzer_control
		_calculate_heart_beat
		_lcd_com
		_lcd_print_number
		_lcd_puts
		_rgb_led_control
		_system_init
 This function is called by:
		Startup code after reset
 This function uses a non-reentrant model


 *************** function _system_init *****************
 Defined at:
		line 283 in file "main.c"
 Parameters:    Size  Location     Type
		None
 Auto vars:     Size  Location     Type
		None
 Return value:  Size  Location     Type
                  1    wreg      void 
 Registers used:
		wreg, fsr0l, fsr0h, status,2, status,0, pclath, cstack
 Tracked objects:
		On entry : 
		On exit  : 
		Unchanged: 
 Data sizes:     COMMON   BANK0   BANK1   BANK3   BANK2
      Params:         0       0       0       0       0
      Locals:         0       0       0       0       0
      Temps:          0       3       0       0       0
      Totals:         0       3       0       0       0
Total ram usage:        3 bytes
 Hardware stack levels used:    1
 Hardware stack levels required when called:    7
 This function calls:
		_ADC_Init
		_TMR0_Initialize
		_TMR0_StartTimer
		_lcd_com
		_lcd_init
		_lcd_puts
 This function is called by:
		_main
 This function uses a non-reentrant model


 *************** function _lcd_puts *****************
 Defined at:
		line 96 in file "supporing_cfile/lcd.c"
 Parameters:    Size  Location     Type
  str             1    wreg     PTR unsigned char 
		 -> STR_10(11), STR_9(6), STR_8(6), STR_7(10), 
		 -> STR_6(11), STR_5(9), STR_4(8), STR_3(6), 
		 -> STR_2(6), STR_1(11), 
 Auto vars:     Size  Location     Type
  str             1    9[BANK0 ] PTR unsigned char 
		 -> STR_10(11), STR_9(6), STR_8(6), STR_7(10), 
		 -> STR_6(11), STR_5(9), STR_4(8), STR_3(6), 
		 -> STR_2(6), STR_1(11), 
  i               2    7[BANK0 ] unsigned int 
 Return value:  Size  Location     Type
                  1    wreg      void 
 Registers used:
		wreg, fsr0l, fsr0h, status,2, status,0, pclath, cstack
 Tracked objects:
		On entry : 
		On exit  : 
		Unchanged: 
 Data sizes:     COMMON   BANK0   BANK1   BANK3   BANK2
      Params:         0       0       0       0       0
      Locals:         0       3       0       0       0
      Temps:          0       0       0       0       0
      Totals:         0       3       0       0       0
Total ram usage:        3 bytes
 Hardware stack levels used:    1
 Hardware stack levels required when called:    6
 This function calls:
		_lcd_data
 This function is called by:
		_main
		_system_init
 This function uses a non-reentrant model


 *************** function _lcd_init *****************
 Defined at:
		line 73 in file "supporing_cfile/lcd.c"
 Parameters:    Size  Location     Type
		None
 Auto vars:     Size  Location     Type
		None
 Return value:  Size  Location     Type
                  1    wreg      void 
 Registers used:
		wreg, status,2, status,0, pclath, cstack
 Tracked objects:
		On entry : 
		On exit  : 
		Unchanged: 
 Data sizes:     COMMON   BANK0   BANK1   BANK3   BANK2
      Params:         0       0       0       0       0
      Locals:         0       0       0       0       0
      Temps:          0       0       0       0       0
      Totals:         0       0       0       0       0
Total ram usage:        0 bytes
 Hardware stack levels used:    1
 Hardware stack levels required when called:    5
 This function calls:
		_delay
		_lcd_com
		_lcd_init_write
 This function is called by:
		_system_init
 This function uses a non-reentrant model


 *************** function _lcd_init_write *****************
 Defined at:
		line 29 in file "supporing_cfile/lcd.c"
 Parameters:    Size  Location     Type
  a               1    wreg     unsigned char 
 Auto vars:     Size  Location     Type
  a               1    2[BANK0 ] unsigned char 
 Return value:  Size  Location     Type
                  1    wreg      void 
 Registers used:
		wreg, status,2, status,0, pclath, cstack
 Tracked objects:
		On entry : 
		On exit  : 
		Unchanged: 
 Data sizes:     COMMON   BANK0   BANK1   BANK3   BANK2
      Params:         0       0       0       0       0
      Locals:         0       1       0       0       0
      Temps:          0       0       0       0       0
      Totals:         0       1       0       0       0
Total ram usage:        1 bytes
 Hardware stack levels used:    1
 Hardware stack levels required when called:    4
 This function calls:
		_delay
 This function is called by:
		_lcd_init
 This function uses a non-reentrant model


 *************** function _TMR0_StartTimer *****************
 Defined at:
		line 25 in file "supporing_cfile/tmr0.c"
 Parameters:    Size  Location     Type
		None
 Auto vars:     Size  Location     Type
		None
 Return value:  Size  Location     Type
                  1    wreg      void 
 Registers used:
		None
 Tracked objects:
		On entry : 
		On exit  : 
		Unchanged: 
 Data sizes:     COMMON   BANK0   BANK1   BANK3   BANK2
      Params:         0       0       0       0       0
      Locals:         0       0       0       0       0
      Temps:          0       0       0       0       0
      Totals:         0       0       0       0       0
Total ram usage:        0 bytes
 Hardware stack levels used:    1
 Hardware stack levels required when called:    3
 This function calls:
		Nothing
 This function is called by:
		_system_init
 This function uses a non-reentrant model


 *************** function _TMR0_Initialize *****************
 Defined at:
		line 7 in file "supporing_cfile/tmr0.c"
 Parameters:    Size  Location     Type
		None
 Auto vars:     Size  Location     Type
		None
 Return value:  Size  Location     Type
                  1    wreg      void 
 Registers used:
		wreg, fsr0l, fsr0h, status,2, status,0, pclath
 Tracked objects:
		On entry : 
		On exit  : 
		Unchanged: 
 Data sizes:     COMMON   BANK0   BANK1   BANK3   BANK2
      Params:         0       0       0       0       0
      Locals:         0       0       0       0       0
      Temps:          0       0       0       0       0
      Totals:         0       0       0       0       0
Total ram usage:        0 bytes
 Hardware stack levels used:    1
 Hardware stack levels required when called:    3
 This function calls:
		Nothing
 This function is called by:
		_system_init
 This function uses a non-reentrant model


 *************** function _ADC_Init *****************
 Defined at:
		line 20 in file "supporing_cfile/adc.c"
 Parameters:    Size  Location     Type
		None
 Auto vars:     Size  Location     Type
		None
 Return value:  Size  Location     Type
                  1    wreg      void 
 Registers used:
		wreg, status,2
 Tracked objects:
		On entry : 
		On exit  : 
		Unchanged: 
 Data sizes:     COMMON   BANK0   BANK1   BANK3   BANK2
      Params:         0       0       0       0       0
      Locals:         0       0       0       0       0
      Temps:          0       0       0       0       0
      Totals:         0       0       0       0       0
Total ram usage:        0 bytes
 Hardware stack levels used:    1
 Hardware stack levels required when called:    3
 This function calls:
		Nothing
 This function is called by:
		_system_init
 This function uses a non-reentrant model


 *************** function _rgb_led_control *****************
 Defined at:
		line 157 in file "main.c"
 Parameters:    Size  Location     Type
  bpm             2    4[COMMON] int 
 Auto vars:     Size  Location     Type
		None
 Return value:  Size  Location     Type
                  1    wreg      void 
 Registers used:
		wreg, btemp+1
 Tracked objects:
		On entry : 
		On exit  : 
		Unchanged: 
 Data sizes:     COMMON   BANK0   BANK1   BANK3   BANK2
      Params:         2       0       0       0       0
      Locals:         0       0       0       0       0
      Temps:          0       0       0       0       0
      Totals:         2       0       0       0       0
Total ram usage:        2 bytes
 Hardware stack levels used:    1
 Hardware stack levels required when called:    3
 This function calls:
		Nothing
 This function is called by:
		_main
 This function uses a non-reentrant model


 *************** function _lcd_print_number *****************
 Defined at:
		line 145 in file "supporing_cfile/lcd.c"
 Parameters:    Size  Location     Type
  i               2    7[BANK0 ] unsigned int 
 Auto vars:     Size  Location     Type
  p               2   13[BANK0 ] int 
  k               2   11[BANK0 ] int 
 Return value:  Size  Location     Type
                  1    wreg      void 
 Registers used:
		wreg, fsr0l, fsr0h, status,2, status,0, pclath, cstack
 Tracked objects:
		On entry : 
		On exit  : 
		Unchanged: 
 Data sizes:     COMMON   BANK0   BANK1   BANK3   BANK2
      Params:         0       2       0       0       0
      Locals:         0       4       0       0       0
      Temps:          0       2       0       0       0
      Totals:         0       8       0       0       0
Total ram usage:        8 bytes
 Hardware stack levels used:    1
 Hardware stack levels required when called:    6
 This function calls:
		___lwdiv
		___lwmod
		_lcd_data
 This function is called by:
		_main
 This function uses a non-reentrant model


 *************** function _lcd_data *****************
 Defined at:
		line 67 in file "supporing_cfile/lcd.c"
 Parameters:    Size  Location     Type
  a               1    wreg     unsigned char 
 Auto vars:     Size  Location     Type
  a               1    6[BANK0 ] unsigned char 
 Return value:  Size  Location     Type
                  1    wreg      void 
 Registers used:
		wreg, status,2, status,0, pclath, cstack
 Tracked objects:
		On entry : 
		On exit  : 
		Unchanged: 
 Data sizes:     COMMON   BANK0   BANK1   BANK3   BANK2
      Params:         0       0       0       0       0
      Locals:         0       1       0       0       0
      Temps:          0       0       0       0       0
      Totals:         0       1       0       0       0
Total ram usage:        1 bytes
 Hardware stack levels used:    1
 Hardware stack levels required when called:    5
 This function calls:
		_lcd_com
 This function is called by:
		_lcd_puts
		_lcd_print_number
		_hex2lcd
		_LCD_ScrollMessage
 This function uses a non-reentrant model


 *************** function _lcd_com *****************
 Defined at:
		line 40 in file "supporing_cfile/lcd.c"
 Parameters:    Size  Location     Type
  a               1    wreg     unsigned char 
 Auto vars:     Size  Location     Type
  a               1    4[BANK0 ] unsigned char 
  temp            1    5[BANK0 ] unsigned char 
 Return value:  Size  Location     Type
                  1    wreg      void 
 Registers used:
		wreg, status,2, status,0, pclath, cstack
 Tracked objects:
		On entry : 
		On exit  : 
		Unchanged: 
 Data sizes:     COMMON   BANK0   BANK1   BANK3   BANK2
      Params:         0       0       0       0       0
      Locals:         0       2       0       0       0
      Temps:          0       2       0       0       0
      Totals:         0       4       0       0       0
Total ram usage:        4 bytes
 Hardware stack levels used:    1
 Hardware stack levels required when called:    4
 This function calls:
		_delay
 This function is called by:
		_main
		_system_init
		_lcd_data
		_lcd_init
		_LCD_ScrollMessage
 This function uses a non-reentrant model


 *************** function _delay *****************
 Defined at:
		line 23 in file "supporing_cfile/lcd.c"
 Parameters:    Size  Location     Type
  j               2    4[COMMON] unsigned int 
 Auto vars:     Size  Location     Type
  i               2    0[BANK0 ] unsigned int 
 Return value:  Size  Location     Type
                  1    wreg      void 
 Registers used:
		wreg, status,2
 Tracked objects:
		On entry : 
		On exit  : 
		Unchanged: 
 Data sizes:     COMMON   BANK0   BANK1   BANK3   BANK2
      Params:         2       0       0       0       0
      Locals:         0       2       0       0       0
      Temps:          0       0       0       0       0
      Totals:         2       2       0       0       0
Total ram usage:        4 bytes
 Hardware stack levels used:    1
 Hardware stack levels required when called:    3
 This function calls:
		Nothing
 This function is called by:
		_lcd_init_write
		_lcd_com
		_lcd_init
		_LCD_ScrollMessage
 This function uses a non-reentrant model


 *************** function ___lwmod *****************
 Defined at:
		line 6 in file "C:\Program Files (x86)\Microchip\xc8\v1.41\sources\common\lwmod.c"
 Parameters:    Size  Location     Type
  divisor         2    0[BANK0 ] unsigned int 
  dividend        2    2[BANK0 ] unsigned int 
 Auto vars:     Size  Location     Type
  counter         1    5[COMMON] unsigned char 
 Return value:  Size  Location     Type
                  2    0[BANK0 ] unsigned int 
 Registers used:
		wreg, status,2, status,0
 Tracked objects:
		On entry : 
		On exit  : 
		Unchanged: 
 Data sizes:     COMMON   BANK0   BANK1   BANK3   BANK2
      Params:         0       4       0       0       0
      Locals:         1       0       0       0       0
      Temps:          1       0       0       0       0
      Totals:         2       4       0       0       0
Total ram usage:        6 bytes
 Hardware stack levels used:    1
 Hardware stack levels required when called:    3
 This function calls:
		Nothing
 This function is called by:
		_lcd_print_number
 This function uses a non-reentrant model


 *************** function _calculate_heart_beat *****************
 Defined at:
		line 63 in file "main.c"
 Parameters:    Size  Location     Type
  adc_value       2   14[BANK0 ] int 
 Auto vars:     Size  Location     Type
  i               2   22[BANK0 ] int 
  i               2   26[BANK0 ] int 
  runningTotal    2   20[BANK0 ] unsigned int 
  N               2   24[BANK0 ] int 
 Return value:  Size  Location     Type
                  1    wreg      void 
 Registers used:
		wreg, fsr0l, fsr0h, status,2, status,0, btemp+1, pclath, cstack
 Tracked objects:
		On entry : 
		On exit  : 
		Unchanged: 
 Data sizes:     COMMON   BANK0   BANK1   BANK3   BANK2
      Params:         0       2       0       0       0
      Locals:         0       8       0       0       0
      Temps:          0       4       0       0       0
      Totals:         0      14       0       0       0
Total ram usage:       14 bytes
 Hardware stack levels used:    1
 Hardware stack levels required when called:    4
 This function calls:
		___aldiv
		___awdiv
		___lwdiv
		___wmul
 This function is called by:
		_main
 This function uses a non-reentrant model


 *************** function ___wmul *****************
 Defined at:
		line 15 in file "C:\Program Files (x86)\Microchip\xc8\v1.41\sources\common\Umul16.c"
 Parameters:    Size  Location     Type
  multiplier      2    8[BANK0 ] unsigned int 
  multiplicand    2   10[BANK0 ] unsigned int 
 Auto vars:     Size  Location     Type
  product         2   12[BANK0 ] unsigned int 
 Return value:  Size  Location     Type
                  2    8[BANK0 ] unsigned int 
 Registers used:
		wreg, status,2, status,0
 Tracked objects:
		On entry : 
		On exit  : 
		Unchanged: 
 Data sizes:     COMMON   BANK0   BANK1   BANK3   BANK2
      Params:         0       4       0       0       0
      Locals:         0       2       0       0       0
      Temps:          0       0       0       0       0
      Totals:         0       6       0       0       0
Total ram usage:        6 bytes
 Hardware stack levels used:    1
 Hardware stack levels required when called:    3
 This function calls:
		Nothing
 This function is called by:
		_calculate_heart_beat
 This function uses a non-reentrant model


 *************** function ___lwdiv *****************
 Defined at:
		line 6 in file "C:\Program Files (x86)\Microchip\xc8\v1.41\sources\common\lwdiv.c"
 Parameters:    Size  Location     Type
  divisor         2    0[BANK0 ] unsigned int 
  dividend        2    2[BANK0 ] unsigned int 
 Auto vars:     Size  Location     Type
  quotient        2    5[BANK0 ] unsigned int 
  counter         1    4[BANK0 ] unsigned char 
 Return value:  Size  Location     Type
                  2    0[BANK0 ] unsigned int 
 Registers used:
		wreg, status,2, status,0
 Tracked objects:
		On entry : 
		On exit  : 
		Unchanged: 
 Data sizes:     COMMON   BANK0   BANK1   BANK3   BANK2
      Params:         0       4       0       0       0
      Locals:         0       3       0       0       0
      Temps:          1       0       0       0       0
      Totals:         1       7       0       0       0
Total ram usage:        8 bytes
 Hardware stack levels used:    1
 Hardware stack levels required when called:    3
 This function calls:
		Nothing
 This function is called by:
		_calculate_heart_beat
		_lcd_print_number
 This function uses a non-reentrant model


 *************** function ___awdiv *****************
 Defined at:
		line 6 in file "C:\Program Files (x86)\Microchip\xc8\v1.41\sources\common\awdiv.c"
 Parameters:    Size  Location     Type
  divisor         2    0[BANK0 ] int 
  dividend        2    2[BANK0 ] int 
 Auto vars:     Size  Location     Type
  quotient        2    6[BANK0 ] int 
  sign            1    5[BANK0 ] unsigned char 
  counter         1    4[BANK0 ] unsigned char 
 Return value:  Size  Location     Type
                  2    0[BANK0 ] int 
 Registers used:
		wreg, status,2, status,0
 Tracked objects:
		On entry : 
		On exit  : 
		Unchanged: 
 Data sizes:     COMMON   BANK0   BANK1   BANK3   BANK2
      Params:         0       4       0       0       0
      Locals:         0       4       0       0       0
      Temps:          1       0       0       0       0
      Totals:         1       8       0       0       0
Total ram usage:        9 bytes
 Hardware stack levels used:    1
 Hardware stack levels required when called:    3
 This function calls:
		Nothing
 This function is called by:
		_calculate_heart_beat
		_main
 This function uses a non-reentrant model


 *************** function ___aldiv *****************
 Defined at:
		line 6 in file "C:\Program Files (x86)\Microchip\xc8\v1.41\sources\common\aldiv.c"
 Parameters:    Size  Location     Type
  divisor         4    0[BANK0 ] long 
  dividend        4    4[BANK0 ] long 
 Auto vars:     Size  Location     Type
  quotient        4   10[BANK0 ] long 
  sign            1    9[BANK0 ] unsigned char 
  counter         1    8[BANK0 ] unsigned char 
 Return value:  Size  Location     Type
                  4    0[BANK0 ] long 
 Registers used:
		wreg, status,2, status,0
 Tracked objects:
		On entry : 
		On exit  : 
		Unchanged: 
 Data sizes:     COMMON   BANK0   BANK1   BANK3   BANK2
      Params:         0       8       0       0       0
      Locals:         0       6       0       0       0
      Temps:          1       0       0       0       0
      Totals:         1      14       0       0       0
Total ram usage:       15 bytes
 Hardware stack levels used:    1
 Hardware stack levels required when called:    3
 This function calls:
		Nothing
 This function is called by:
		_calculate_heart_beat
 This function uses a non-reentrant model


 *************** function _buzzer_control *****************
 Defined at:
		line 135 in file "main.c"
 Parameters:    Size  Location     Type
  is_high         1    wreg     unsigned char 
 Auto vars:     Size  Location     Type
  is_high         1    0[BANK0 ] unsigned char 
  i               2    3[BANK0 ] int 
  i               2    1[BANK0 ] int 
 Return value:  Size  Location     Type
                  1    wreg      void 
 Registers used:
		wreg, status,2, status,0, btemp+1
 Tracked objects:
		On entry : 
		On exit  : 
		Unchanged: 
 Data sizes:     COMMON   BANK0   BANK1   BANK3   BANK2
      Params:         0       0       0       0       0
      Locals:         0       5       0       0       0
      Temps:          2       0       0       0       0
      Totals:         2       5       0       0       0
Total ram usage:        7 bytes
 Hardware stack levels used:    1
 Hardware stack levels required when called:    3
 This function calls:
		Nothing
 This function is called by:
		_main
 This function uses a non-reentrant model


 *************** function _ADC_Read *****************
 Defined at:
		line 26 in file "supporing_cfile/adc.c"
 Parameters:    Size  Location     Type
  adcChannel      2    0[BANK0 ] int 
 Auto vars:     Size  Location     Type
		None
 Return value:  Size  Location     Type
                  2    0[BANK0 ] int 
 Registers used:
		wreg, status,2, status,0, btemp+1, pclath, cstack
 Tracked objects:
		On entry : 
		On exit  : 
		Unchanged: 
 Data sizes:     COMMON   BANK0   BANK1   BANK3   BANK2
      Params:         0       2       0       0       0
      Locals:         0       0       0       0       0
      Temps:          0       0       0       0       0
      Totals:         0       2       0       0       0
Total ram usage:        2 bytes
 Hardware stack levels used:    1
 Hardware stack levels required when called:    4
 This function calls:
		_delay_adc
 This function is called by:
		_main
 This function uses a non-reentrant model


 *************** function _delay_adc *****************
 Defined at:
		line 15 in file "supporing_cfile/adc.c"
 Parameters:    Size  Location     Type
  cnt             2    4[COMMON] int 
 Auto vars:     Size  Location     Type
		None
 Return value:  Size  Location     Type
                  1    wreg      void 
 Registers used:
		wreg, status,2, status,0
 Tracked objects:
		On entry : 
		On exit  : 
		Unchanged: 
 Data sizes:     COMMON   BANK0   BANK1   BANK3   BANK2
      Params:         2       0       0       0       0
      Locals:         0       0       0       0       0
      Temps:          0       0       0       0       0
      Totals:         2       0       0       0       0
Total ram usage:        2 bytes
 Hardware stack levels used:    1
 Hardware stack levels required when called:    3
 This function calls:
		Nothing
 This function is called by:
		_ADC_Read
 This function uses a non-reentrant model


 *************** function _INTERRUPT_InterruptManager *****************
 Defined at:
		line 324 in file "main.c"
 Parameters:    Size  Location     Type
		None
 Auto vars:     Size  Location     Type
		None
 Return value:  Size  Location     Type
                  1    wreg      void 
 Registers used:
		wreg, fsr0l, fsr0h, status,2, status,0, pclath, cstack
 Tracked objects:
		On entry : 
		On exit  : 
		Unchanged: 
 Data sizes:     COMMON   BANK0   BANK1   BANK3   BANK2
      Params:         0       0       0       0       0
      Locals:         0       0       0       0       0
      Temps:          4       0       0       0       0
      Totals:         4       0       0       0       0
Total ram usage:        4 bytes
 Hardware stack levels used:    1
 Hardware stack levels required when called:    2
 This function calls:
		_TMR0_ISR
 This function is called by:
		Interrupt level 1
 This function uses a non-reentrant model


 *************** function _TMR0_ISR *****************
 Defined at:
		line 37 in file "supporing_cfile/tmr0.c"
 Parameters:    Size  Location     Type
		None
 Auto vars:     Size  Location     Type
		None
 Return value:  Size  Location     Type
                  1    wreg      void 
 Registers used:
		wreg, fsr0l, fsr0h, status,2, status,0, pclath, cstack
 Tracked objects:
		On entry : 
		On exit  : 
		Unchanged: 
 Data sizes:     COMMON   BANK0   BANK1   BANK3   BANK2
      Params:         0       0       0       0       0
      Locals:         0       0       0       0       0
      Temps:          0       0       0       0       0
      Totals:         0       0       0       0       0
Total ram usage:        0 bytes
 Hardware stack levels used:    1
 Hardware stack levels required when called:    1
 This function calls:
		_timer_isr
 This function is called by:
		_INTERRUPT_InterruptManager
 This function uses a non-reentrant model


 *************** function _timer_isr *****************
 Defined at:
		line 320 in file "main.c"
 Parameters:    Size  Location     Type
		None
 Auto vars:     Size  Location     Type
		None
 Return value:  Size  Location     Type
                  1    wreg      void 
 Registers used:
		wreg
 Tracked objects:
		On entry : 
		On exit  : 
		Unchanged: 
 Data sizes:     COMMON   BANK0   BANK1   BANK3   BANK2
      Params:         0       0       0       0       0
      Locals:         0       0       0       0       0
      Temps:          0       0       0       0       0
      Totals:         0       0       0       0       0
Total ram usage:        0 bytes
 Hardware stack levels used:    1
 This function calls:
		Nothing
 This function is called by:
		_TMR0_ISR
 This function uses a non-reentrant model



MODULE INFORMATION

Module		Function		Class		Link	Load	Size
C:\Program Files (x86)\Microchip\xc8\v1.41\sources\common\lwdiv.c
		___lwdiv       		CODE           	0F77	0000	63

C:\Program Files (x86)\Microchip\xc8\v1.41\sources\common\lwdiv.c estimated size: 63

C:\Program Files (x86)\Microchip\xc8\v1.41\sources\common\awdiv.c
		___awdiv       		CODE           	0798	0000	92

C:\Program Files (x86)\Microchip\xc8\v1.41\sources\common\awdiv.c estimated size: 92

C:\Program Files (x86)\Microchip\xc8\v1.41\sources\common\aldiv.c
		___aldiv       		CODE           	05D3	0000	144

C:\Program Files (x86)\Microchip\xc8\v1.41\sources\common\aldiv.c estimated size: 144

C:\Program Files (x86)\Microchip\xc8\v1.41\sources\common\Umul16.c
		___wmul        		CODE           	0E9C	0000	36

C:\Program Files (x86)\Microchip\xc8\v1.41\sources\common\Umul16.c estimated size: 36

supporing_cfile/adc.c
		_delay_adc     		CODE           	07F3	0000	14
		_ADC_Read      		CODE           	0EE5	0000	44
		_ADC_Init      		CODE           	0E00	0000	9

supporing_cfile/adc.c estimated size: 67

supporing_cfile/tmr0.c
		_TMR0_StartTimer		CODE           	0DEC	0000	3
		_TMR0_ISR      		CODE           	0E7A	0000	35
		_TMR0_Initialize		CODE           	0E2B	0000	19

supporing_cfile/tmr0.c estimated size: 57

shared
		__stringtab    		STRING         	0800	0000	7
		_tmr0_mask     		STRING         	0806	0000	2
		__initialization		CODE           	0015	0000	46

shared estimated size: 55

C:\Program Files (x86)\Microchip\xc8\v1.41\sources\common\lwmod.c
		___lwmod       		CODE           	0F43	0000	53

C:\Program Files (x86)\Microchip\xc8\v1.41\sources\common\lwmod.c estimated size: 53

supporing_cfile/lcd.c
		_lcd_com       		CODE           	0FB5	0000	76
		_delay         		CODE           	0E65	0000	22
		_lcd_puts      		CODE           	0EBF	0000	39
		_lcd_data      		CODE           	0E10	0000	11
		_lcd_init_write		CODE           	0E3D	0000	20
		_lcd_print_number		CODE           	0736	0000	99
		_lcd_init      		CODE           	0544	0000	144

supporing_cfile/lcd.c estimated size: 411

main.c
		_system_init   		CODE           	0662	0000	113
		_main          		CODE           	02CD	0000	632
		_timer_isr     		CODE           	0DF2	0000	8
		_rgb_led_control		CODE           	0F10	0000	52
		_INTERRUPT_InterruptManager		CODE           	0E50	0000	22
		_buzzer_control		CODE           	06D2	0000	101
		_calculate_heart_beat		CODE           	0046	0000	648

main.c estimated size: 1576

